Conflicting values for unique index. Entity: TestEntity,
Index Properties:
    Property='prop'
